<html>
<body>
<pre>
<h1>µVision Build Log</h1>
<h2>Tool Versions:</h2>
IDE-Version: ¦ÌVision V5.35.0.0
Copyright (C) 2021 ARM Ltd and ARM Germany GmbH. All rights reserved.
License Information: dcddhj hgj, gyhj, LIC=76F5U-SL6ZI-12PLE-54HG0-BUKXB-Y44EK
 
Tool Versions:
Toolchain:       MDK-ARM Plus  Version: 5.35.0.2
Toolchain Path:  F:\lao\Software\MDK\ARM\ARMCC\Bin
C Compiler:      Armcc.exe V5.06 update 7 (build 960)
Assembler:       Armasm.exe V5.06 update 7 (build 960)
Linker/Locator:  ArmLink.exe V5.06 update 7 (build 960)
Library Manager: ArmAr.exe V5.06 update 7 (build 960)
Hex Converter:   FromElf.exe V5.06 update 7 (build 960)
CPU DLL:         
Dialog DLL:      
Target DLL:      Segger\JL2CM3.dll V2.99.40.0
Dialog DLL:      TCM.DLL V1.53.0.0
 
<h2>Project:</h2>
F:\01test\demo2\BLEÊµÑé2£ºÀ¶ÑÀLOGÊä³ö\examples\ble_peripheral\ble_app_template\pca10040\s132\arm5_no_packs\ble_app_template_pca10040_s132.uvprojx
Project File Date:  05/11/2025

<h2>Output:</h2>
*** Using Compiler 'V5.06 update 7 (build 960)', folder: 'F:\lao\Software\MDK\ARM\ARMCC\Bin'
Build target 'nrf52832_xxaa'
compiling utf.c...
compiling auth_status_tracker.c...
compiling ble_srv_common.c...
compiling ble_advdata.c...
compiling ble_conn_params.c...
compiling ble_conn_state.c...
compiling ble_advertising.c...
compiling boards.c...
compiling gatts_cache_manager.c...
compiling bsp_btn_ble.c...
compiling bsp.c...
compiling main.c...
compiling gatt_cache_manager.c...
compiling pm_buffer.c...
compiling peer_id.c...
compiling nrf_ble_qwr.c...
compiling nrf_ble_gatt.c...
compiling peer_manager_handler.c...
compiling peer_database.c...
compiling id_manager.c...
compiling peer_data_storage.c...
compiling nrf_drv_clock.c...
compiling peer_manager.c...
compiling security_manager.c...
compiling security_dispatcher.c...
compiling nrf_drv_uart.c...
compiling app_error.c...
compiling nrfx_atomic.c...
compiling app_error_handler_keil.c...
compiling nrfx_clock.c...
compiling app_scheduler.c...
compiling nrfx_prs.c...
compiling nrfx_uarte.c...
compiling app_error_weak.c...
compiling nrfx_gpiote.c...
compiling nrfx_uart.c...
compiling app_util_platform.c...
compiling app_button.c...
compiling crc16.c...
compiling app_timer2.c...
compiling nrf_assert.c...
compiling hardfault_implementation.c...
compiling nrf_atflags.c...
compiling nrf_atomic.c...
compiling nrf_fprintf.c...
compiling nrf_atfifo.c...
compiling fds.c...
compiling nrf_balloc.c...
compiling nrf_fprintf_format.c...
compiling drv_rtc.c...
compiling sensorsim.c...
compiling nrf_fstorage.c...
compiling nrf_memobj.c...
compiling nrf_fstorage_sd.c...
compiling nrf_section_iter.c...
compiling nrf_sortlist.c...
compiling nrf_ringbuf.c...
compiling nrf_strerror.c...
compiling nrf_pwr_mgmt.c...
compiling nrf_log_default_backends.c...
compiling nrf_log_backend_serial.c...
compiling SEGGER_RTT.c...
compiling nrf_log_backend_rtt.c...
assembling arm_startup_nrf52.s...
compiling nrf_log_str_formatter.c...
compiling nrf_log_backend_uart.c...
compiling nrf_log_frontend.c...
compiling SEGGER_RTT_Syscalls_KEIL.c...
compiling SEGGER_RTT_printf.c...
compiling system_nrf52.c...
compiling nrf_sdh.c...
compiling nrf_sdh_soc.c...
compiling nrf_sdh_ble.c...
linking...
Program Size: Code=43008 RO-data=7896 RW-data=556 ZI-data=13388  
FromELF: creating hex file...
".\_build\nrf52832_xxaa.axf" - 0 Error(s), 0 Warning(s).

<h2>Software Packages used:</h2>

Package Vendor: ARM
                http://www.keil.com/pack/ARM.CMSIS.5.6.0.pack
                ARM.CMSIS.5.6.0
                CMSIS (Cortex Microcontroller Software Interface Standard)
   * Component: CORE Version: 5.3.0

Package Vendor: NordicSemiconductor
                http://developer.nordicsemi.com/nRF5_SDK/pieces/nRF_DeviceFamilyPack/NordicSemiconductor.nRF_DeviceFamilyPack.8.32.1.pack
                NordicSemiconductor.nRF_DeviceFamilyPack.8.32.1
                Nordic Semiconductor nRF ARM devices Device Family Pack with BSD license.
   * Component: Startup Version: 8.32.1

<h2>Collection of Component include folders:</h2>
  .\RTE\_nrf52832_xxaa
  F:\lao\Software\Arm\Packs\ARM\CMSIS\5.6.0\CMSIS\Core\Include
  F:\lao\Software\Arm\Packs\NordicSemiconductor\nRF_DeviceFamilyPack\8.32.1\Device\Include

<h2>Collection of Component Files used:</h2>

   * Component: ARM::CMSIS:CORE:5.3.0

   * Component: NordicSemiconductor::Device:Startup:8.32.1
      Source file:   Device\Source\system_nrf52.c
      Include file:  Device\Include\system_nrf.h
      Source file:   Device\Source\arm\arm_startup_nrf52.s
      Include file:  Device\Include\system_nrf52.h
Build Time Elapsed:  00:00:13
</pre>
</body>
</html>
